// Jest Snapshot v1, https://goo.gl/fbAQLP

exports[`getPeriod should return the period 1`] = `
Object {
  "end": "2019-06-30T22:00:00.000Z",
  "start": "2019-03-31T22:00:00.000Z",
}
`;
