// Jest Snapshot v1, https://goo.gl/fbAQLP

exports[`PageTitle should display children on desktop 1`] = `
<Title>
  content
</Title>
`;

exports[`PageTitle should display children on mobile 1`] = `
<BarTitle>
  content
</BarTitle>
`;
